============================================================
  Job         : 3094241
  Task        : within_visit
  Similarity  : dtw_tag
  K           : 25
  ICD digits  : 3
  Vote weight : similarity
  DTW window  : none
  Result tag  : within_visit_icd3_dtw_tag_k25
  Started     : Fri Sep  4 09:02:05 AM EDT 2026
============================================================
NOTE: DTW similarity is O(n*m*L^2) — allow 4-24 h depending on cohort size.
→ python run_experiment.py     --task         within_visit     --similarity   dtw_tag     --k            25     --icd_digits   3     --vote_weighting similarity     --tag          within_visit_icd3_dtw_tag_k25
------------------------------------------------------------
2026-09-04 09:02:06,763 | INFO    | run_experiment     | Logging to /lustre/home/almusawiaf/PhD_Projects/Satyaki/Semi_Supervised/logs/run_experiment_20260904_090206.log
2026-09-04 09:02:06,852 | INFO    | run_experiment     | Task=within_visit | similarity=dtw_tag | queries=11707 | vocab=2583
2026-09-04 09:02:06,852 | WARNING | run_experiment     | Capping DTW reference from 46831 to 20000
2026-09-04 09:17:44,173 | INFO    | run_experiment     | DTW tag: 500/11707 queries (937.3s)
2026-09-04 09:32:08,744 | INFO    | run_experiment     | DTW tag: 1000/11707 queries (1801.9s)
2026-09-04 09:47:02,787 | INFO    | run_experiment     | DTW tag: 1500/11707 queries (2695.9s)
2026-09-04 10:01:26,529 | INFO    | run_experiment     | DTW tag: 2000/11707 queries (3559.7s)
2026-09-04 10:16:15,073 | INFO    | run_experiment     | DTW tag: 2500/11707 queries (4448.2s)
2026-09-04 10:31:12,428 | INFO    | run_experiment     | DTW tag: 3000/11707 queries (5345.6s)
2026-09-04 10:46:00,552 | INFO    | run_experiment     | DTW tag: 3500/11707 queries (6233.7s)
2026-09-04 11:00:28,120 | INFO    | run_experiment     | DTW tag: 4000/11707 queries (7101.3s)
2026-09-04 11:15:03,254 | INFO    | run_experiment     | DTW tag: 4500/11707 queries (7976.4s)
2026-09-04 11:29:48,425 | INFO    | run_experiment     | DTW tag: 5000/11707 queries (8861.6s)
2026-09-04 11:44:01,824 | INFO    | run_experiment     | DTW tag: 5500/11707 queries (9715.0s)
2026-09-04 11:59:01,417 | INFO    | run_experiment     | DTW tag: 6000/11707 queries (10614.6s)
2026-09-04 12:14:04,593 | INFO    | run_experiment     | DTW tag: 6500/11707 queries (11517.7s)
2026-09-04 12:28:54,037 | INFO    | run_experiment     | DTW tag: 7000/11707 queries (12407.2s)
2026-09-04 12:43:55,236 | INFO    | run_experiment     | DTW tag: 7500/11707 queries (13308.4s)
2026-09-04 12:59:14,380 | INFO    | run_experiment     | DTW tag: 8000/11707 queries (14227.5s)
2026-09-04 13:13:45,814 | INFO    | run_experiment     | DTW tag: 8500/11707 queries (15099.0s)
2026-09-04 13:28:30,081 | INFO    | run_experiment     | DTW tag: 9000/11707 queries (15983.2s)
2026-09-04 13:42:56,964 | INFO    | run_experiment     | DTW tag: 9500/11707 queries (16850.1s)
2026-09-04 13:57:35,023 | INFO    | run_experiment     | DTW tag: 10000/11707 queries (17728.2s)
2026-09-04 14:12:24,597 | INFO    | run_experiment     | DTW tag: 10500/11707 queries (18617.7s)
2026-09-04 14:27:11,335 | INFO    | run_experiment     | DTW tag: 11000/11707 queries (19504.5s)
2026-09-04 14:42:19,229 | INFO    | run_experiment     | DTW tag: 11500/11707 queries (20412.4s)
2026-09-04 14:48:27,597 | INFO    | run_experiment     | DTW tag retrieval done: 11707 queries in 20780.7s
2026-09-04 14:48:27,660 | INFO    | models.representations | Built 46831 x 2583 matrix, density 0.00036
2026-09-04 14:48:27,660 | INFO    | models.baselines   | Building baseline: frequency_prior
2026-09-04 14:48:27,661 | INFO    | models.baselines   | Building baseline: cooccurrence
2026-09-04 14:48:27,785 | INFO    | models.baselines   | Co-occurrence PPMI matrix: (2583, 2583)
2026-09-04 14:48:29,154 | INFO    | run_experiment     | 
model                       hits@1      hits@5     hits@10     hits@20         mrr
----------------------------------------------------------------------------------
knn_dtw_tag                 0.1715      0.3502      0.4423      0.5369      0.2587
frequency_prior             0.0000      0.0000      0.0000      0.0000      0.0012
cooccurrence                0.0000      0.0000      0.0000      0.0000      0.0000
2026-09-04 17:29:04,167 | INFO    | models.hierarchical | Batch of 500: recomputed 1881 hub neighbourhoods (4.02% of reference)
2026-09-04 21:46:37,123 | INFO    | models.hierarchical | Batch of 500: recomputed 3448 hub neighbourhoods (7.36% of reference)
2026-09-05 02:42:31,743 | INFO    | models.hierarchical | Batch of 500: recomputed 3756 hub neighbourhoods (8.02% of reference)
