============================================================
  Job         : 3094242
  Task        : within_visit
  Similarity  : dtw_tag
  K           : 25
  ICD digits  : 4
  Vote weight : similarity
  DTW window  : none
  Result tag  : within_visit_icd4_dtw_tag_k25
  Started     : Fri Sep  4 09:02:05 AM EDT 2026
============================================================
NOTE: DTW similarity is O(n*m*L^2) — allow 4-24 h depending on cohort size.
→ python run_experiment.py     --task         within_visit     --similarity   dtw_tag     --k            25     --icd_digits   4     --vote_weighting similarity     --tag          within_visit_icd4_dtw_tag_k25
------------------------------------------------------------
2026-09-04 09:02:06,761 | INFO    | run_experiment     | Logging to /lustre/home/almusawiaf/PhD_Projects/Satyaki/Semi_Supervised/logs/run_experiment_20260904_090206.log
2026-09-04 09:02:06,851 | INFO    | run_experiment     | Task=within_visit | similarity=dtw_tag | queries=11707 | vocab=2583
2026-09-04 09:02:06,851 | WARNING | run_experiment     | Capping DTW reference from 46831 to 20000
2026-09-04 09:17:46,392 | INFO    | run_experiment     | DTW tag: 500/11707 queries (939.5s)
2026-09-04 09:32:15,815 | INFO    | run_experiment     | DTW tag: 1000/11707 queries (1809.0s)
2026-09-04 09:47:17,982 | INFO    | run_experiment     | DTW tag: 1500/11707 queries (2711.1s)
2026-09-04 10:01:45,237 | INFO    | run_experiment     | DTW tag: 2000/11707 queries (3578.4s)
2026-09-04 10:16:44,636 | INFO    | run_experiment     | DTW tag: 2500/11707 queries (4477.8s)
2026-09-04 10:31:49,735 | INFO    | run_experiment     | DTW tag: 3000/11707 queries (5382.9s)
2026-09-04 10:46:47,894 | INFO    | run_experiment     | DTW tag: 3500/11707 queries (6281.0s)
2026-09-04 11:01:21,951 | INFO    | run_experiment     | DTW tag: 4000/11707 queries (7155.1s)
2026-09-04 11:16:10,835 | INFO    | run_experiment     | DTW tag: 4500/11707 queries (8044.0s)
2026-09-04 11:31:03,084 | INFO    | run_experiment     | DTW tag: 5000/11707 queries (8936.2s)
2026-09-04 11:45:26,347 | INFO    | run_experiment     | DTW tag: 5500/11707 queries (9799.5s)
2026-09-04 12:00:35,962 | INFO    | run_experiment     | DTW tag: 6000/11707 queries (10709.1s)
2026-09-04 12:15:50,446 | INFO    | run_experiment     | DTW tag: 6500/11707 queries (11623.6s)
2026-09-04 12:30:45,192 | INFO    | run_experiment     | DTW tag: 7000/11707 queries (12518.3s)
2026-09-04 12:45:50,654 | INFO    | run_experiment     | DTW tag: 7500/11707 queries (13423.8s)
2026-09-04 13:01:16,844 | INFO    | run_experiment     | DTW tag: 8000/11707 queries (14350.0s)
2026-09-04 13:16:02,419 | INFO    | run_experiment     | DTW tag: 8500/11707 queries (15235.6s)
2026-09-04 13:31:00,905 | INFO    | run_experiment     | DTW tag: 9000/11707 queries (16134.1s)
2026-09-04 13:45:36,178 | INFO    | run_experiment     | DTW tag: 9500/11707 queries (17009.3s)
2026-09-04 14:00:23,390 | INFO    | run_experiment     | DTW tag: 10000/11707 queries (17896.5s)
2026-09-04 14:15:19,515 | INFO    | run_experiment     | DTW tag: 10500/11707 queries (18792.7s)
2026-09-04 14:30:18,464 | INFO    | run_experiment     | DTW tag: 11000/11707 queries (19691.6s)
2026-09-04 14:45:39,836 | INFO    | run_experiment     | DTW tag: 11500/11707 queries (20613.0s)
2026-09-04 14:51:54,654 | INFO    | run_experiment     | DTW tag retrieval done: 11707 queries in 20987.8s
2026-09-04 14:51:54,716 | INFO    | models.representations | Built 46831 x 2583 matrix, density 0.00036
2026-09-04 14:51:54,717 | INFO    | models.baselines   | Building baseline: frequency_prior
2026-09-04 14:51:54,717 | INFO    | models.baselines   | Building baseline: cooccurrence
2026-09-04 14:51:54,843 | INFO    | models.baselines   | Co-occurrence PPMI matrix: (2583, 2583)
2026-09-04 14:51:56,213 | INFO    | run_experiment     | 
model                       hits@1      hits@5     hits@10     hits@20         mrr
----------------------------------------------------------------------------------
knn_dtw_tag                 0.1715      0.3502      0.4423      0.5369      0.2587
frequency_prior             0.0000      0.0000      0.0000      0.0000      0.0012
cooccurrence                0.0000      0.0000      0.0000      0.0000      0.0000
2026-09-04 17:35:41,527 | INFO    | models.hierarchical | Batch of 500: recomputed 1881 hub neighbourhoods (4.02% of reference)
2026-09-04 21:55:28,457 | INFO    | models.hierarchical | Batch of 500: recomputed 3448 hub neighbourhoods (7.36% of reference)
2026-09-05 02:57:45,813 | INFO    | models.hierarchical | Batch of 500: recomputed 3756 hub neighbourhoods (8.02% of reference)
